// Jest Snapshot v1, https://goo.gl/fbAQLP

exports[`Given an app component when it is rendered should match the snapshot 1`] = `
<div
  className="app"
>
  <Connect(Board) />
</div>
`;
